
 line       object           ucode  source program

   1    (35    1    2)     main       proc    1       2       2
   2    (38    2    1)                sym     2       1       1
   3    (20    0     )                ldc     0
   4    (24    2    1)                str     2       1
   5    (34          )     $$0        nop
   6    (19    2    1)                lod     2       1
   7    (20   20     )                ldc     20
   8    (14          )                lt
   9    (28  108     )                fjp     $$1
  10    (19    2    1)                lod     2       1
  11    (20    1     )                ldc     1
  12    (17          )                eq
  13    (27   27     )                tjp     $$3
  14    (19    2    1)                lod     2       1
  15    (20    3     )                ldc     3
  16    (17          )                eq
  17    (27   27     )                tjp     $$3
  18    (19    2    1)                lod     2       1
  19    (20    5     )                ldc     5
  20    (17          )                eq
  21    (27   27     )                tjp     $$3
  22    (19    2    1)                lod     2       1
  23    (20    7     )                ldc     7
  24    (17          )                eq
  25    (27   27     )                tjp     $$3
  26    (26   39     )                ujp     $$4
  27    (34          )     $$3        nop
  28    (23          )                ldp
  29    (19    2    1)                lod     2       1
  30    (29   -2     )                call    write
  31    (29   -3     )                call    lf
  32    (23          )                ldp
  33    (19    2    1)                lod     2       1
  34    (20  100     )                ldc     100
  35    ( 6          )                add
  36    (29   -2     )                call    write
  37    (29   -3     )                call    lf
  38    (26  103     )                ujp     $$2
  39    (34          )     $$4        nop
  40    (19    2    1)                lod     2       1
  41    (20    2     )                ldc     2
  42    (17          )                eq
  43    (27   57     )                tjp     $$5
  44    (19    2    1)                lod     2       1
  45    (20    4     )                ldc     4
  46    (17          )                eq
  47    (27   57     )                tjp     $$5
  48    (19    2    1)                lod     2       1
  49    (20    6     )                ldc     6
  50    (17          )                eq
  51    (27   57     )                tjp     $$5
  52    (19    2    1)                lod     2       1
  53    (20    8     )                ldc     8
  54    (17          )                eq
  55    (27   57     )                tjp     $$5
  56    (26   69     )                ujp     $$6
  57    (34          )     $$5        nop
  58    (23          )                ldp
  59    (19    2    1)                lod     2       1
  60    (29   -2     )                call    write
  61    (29   -3     )                call    lf
  62    (23          )                ldp
  63    (19    2    1)                lod     2       1
  64    (20  200     )                ldc     200
  65    ( 6          )                add
  66    (29   -2     )                call    write
  67    (29   -3     )                call    lf
  68    (26  103     )                ujp     $$2
  69    (34          )     $$6        nop
  70    (19    2    1)                lod     2       1
  71    (20    0     )                ldc     0
  72    (17          )                eq
  73    (27   75     )                tjp     $$7
  74    (26   87     )                ujp     $$8
  75    (34          )     $$7        nop
  76    (23          )                ldp
  77    (19    2    1)                lod     2       1
  78    (29   -2     )                call    write
  79    (29   -3     )                call    lf
  80    (23          )                ldp
  81    (19    2    1)                lod     2       1
  82    (20  300     )                ldc     300
  83    ( 6          )                add
  84    (29   -2     )                call    write
  85    (29   -3     )                call    lf
  86    (26  103     )                ujp     $$2
  87    (34          )     $$8        nop
  88    (26   90     )                ujp     $$9
  89    (26  102     )                ujp     $$10
  90    (34          )     $$9        nop
  91    (23          )                ldp
  92    (19    2    1)                lod     2       1
  93    (29   -2     )                call    write
  94    (29   -3     )                call    lf
  95    (23          )                ldp
  96    (19    2    1)                lod     2       1
  97    (20  400     )                ldc     400
  98    ( 6          )                add
  99    (29   -2     )                call    write
 100    (29   -3     )                call    lf
 101    (26  103     )                ujp     $$2
 102    (34          )     $$10       nop
 103    (34          )     $$2        nop
 104    (19    2    1)                lod     2       1
 105    ( 2          )                inc
 106    (24    2    1)                str     2       1
 107    (26    5     )                ujp     $$0
 108    (34          )     $$1        nop
 109    (30          )                ret
 110    (36          )                end
 111    (37    0     )                bgn     0
 112    (23          )                ldp
 113    (29    1     )                call    main
 114    (36          )                end



   ****    Result    ****


 0
 300
 1
 101
 2
 202
 3
 103
 4
 204
 5
 105
 6
 206
 7
 107
 8
 208
 9
 409
 10
 410
 11
 411
 12
 412
 13
 413
 14
 414
 15
 415
 16
 416
 17
 417
 18
 418
 19
 419


   **********************




                 #### Statistics ####


    ****  Static Instruction Counts  ****


inc    =  1       add    =  4       lt     =  1       eq     =  9       
lod    =  19      ldc    =  15      ldp    =  9       str    =  2       
ujp    =  10      tjp    =  9       fjp    =  1       call   =  17      
ret    =  1       nop    =  11      proc   =  1       end    =  2       
bgn    =  1       sym    =  1       


  ****  Dynamic instruction counts  ****


inc    =  20        add    =  20        lt     =  21        eq     =  144       
lod    =  225       ldc    =  186       ldp    =  41        str    =  21        
ujp    =  90        tjp    =  144       fjp    =  21        call   =  81        
ret    =  1         nop    =  101       proc   =  1         end    =  1         
bgn    =  1         sym    =  1         

 Executable instruction count  =   1016

 Total execution cycle         =   11130
