
 line       object           ucode  source program

   1    (41  105    2)     main       proc 105 2 2
   2    (44    2    1)                sym 2 1 100 
   3    (44    2  101)                sym 2 101 1
   4    (44    2  102)                sym 2 102 1
   5    (44    2  103)                sym 2 103 1
   6    (44    2  104)                sym 2 104 1
   7    (44    2  105)                sym 2 105 1
   8    (26    1     )                ldc 1
   9    (30    2  103)                str 2 103
  10    (29          )                ldp
  11    (27    2  101)                lda 2 101
  12    (35   -1     )                call read
  13    (40          )     $$0        nop
  14    (25    2  101)                lod 2 101
  15    (26    0     )                ldc 0
  16    (24          )                ne
  17    (34   31     )                fjp $$1
  18    (25    2  103)                lod 2 103
  19    (27    2    1)                lda 2 1
  20    (12          )                add
  21    (25    2  101)                lod 2 101
  22    (31          )                sti
  23    (25    2  103)                lod 2 103
  24    (26    1     )                ldc 1
  25    (12          )                add
  26    (30    2  103)                str 2 103
  27    (29          )                ldp
  28    (27    2  101)                lda 2 101
  29    (35   -1     )                call read
  30    (32   13     )                ujp $$0
  31    (40          )     $$1        nop
  32    (25    2  103)                lod 2 103
  33    (26    1     )                ldc 1
  34    (13          )                sub
  35    (10          )                dup
  36    (30    2  104)                str 2 104
  37    (30    2  102)                str 2 102
  38    (40          )     $$4        nop
  39    (25    2  104)                lod 2 104
  40    (26    1     )                ldc 1
  41    (19          )                gt
  42    (34   96     )                fjp $$2
  43    (26    1     )                ldc 1
  44    (30    2  103)                str 2 103
  45    (40          )     $$6        nop
  46    (25    2  103)                lod 2 103
  47    (25    2  104)                lod 2 104
  48    (20          )                lt
  49    (34   90     )                fjp $$3
  50    (25    2  103)                lod 2 103
  51    (27    2    1)                lda 2 1
  52    (12          )                add
  53    (28          )                ldi
  54    (25    2  103)                lod 2 103
  55    (27    2    1)                lda 2 1
  56    (26    1     )                ldc 1
  57    (12          )                add
  58    (12          )                add
  59    (28          )                ldi
  60    (20          )                lt
  61    (34   84     )                fjp $$5
  62    (25    2  103)                lod 2 103
  63    (27    2    1)                lda 2 1
  64    (12          )                add
  65    (28          )                ldi
  66    (30    2  105)                str 2 105
  67    (25    2  103)                lod 2 103
  68    (27    2    1)                lda 2 1
  69    (12          )                add
  70    (25    2  103)                lod 2 103
  71    (26    1     )                ldc 1
  72    (27    2    1)                lda 2 1
  73    (12          )                add
  74    (12          )                add
  75    (28          )                ldi
  76    (31          )                sti
  77    (25    2  103)                lod 2 103
  78    (27    2    1)                lda 2 1
  79    (26    1     )                ldc 1
  80    (12          )                add
  81    (12          )                add
  82    (25    2  105)                lod 2 105
  83    (31          )                sti
  84    (40          )     $$5        nop
  85    (25    2  103)                lod 2 103
  86    (26    1     )                ldc 1
  87    (12          )                add
  88    (30    2  103)                str 2 103
  89    (32   45     )                ujp $$6
  90    (40          )     $$3        nop
  91    (25    2  104)                lod 2 104
  92    (26    1     )                ldc 1
  93    (13          )                sub
  94    (30    2  104)                str 2 104
  95    (32   38     )                ujp $$4
  96    (40          )     $$2        nop
  97    (26    1     )                ldc 1
  98    (30    2  103)                str 2 103
  99    (40          )     $$7        nop
 100    (25    2  103)                lod 2 103
 101    (25    2  102)                lod 2 102
 102    (22          )                le
 103    (34  115     )                fjp $$8
 104    (29          )                ldp
 105    (25    2  103)                lod 2 103
 106    (27    2    1)                lda 2 1
 107    (12          )                add
 108    (28          )                ldi
 109    (35   -2     )                call write
 110    (25    2  103)                lod 2 103
 111    (26    1     )                ldc 1
 112    (12          )                add
 113    (30    2  103)                str 2 103
 114    (32   99     )                ujp $$7
 115    (40          )     $$8        nop
 116    (36          )                ret
 117    (42          )                end
 118    (43    0     )                bgn 0
 119    (29          )                ldp
 120    (35    1     )                call main
 121    (42          )                end



   ****    Result    ****


 10 3 2

   **********************




                 #### Statistics ####


    ****  Static Instruction Counts  ****


dup    =  1       add    =  14      sub    =  2       gt     =  1       
lt     =  2       le     =  1       ne     =  1       lod    =  21      
ldc    =  13      lda    =  10      ldi    =  5       ldp    =  4       
str    =  10      sti    =  3       ujp    =  4       fjp    =  5       
call   =  4       ret    =  1       nop    =  9       proc   =  1       
end    =  2       bgn    =  1       sym    =  6       


  ****  Dynamic instruction counts  ****


dup    =  1         add    =  36        sub    =  3         gt     =  3         
lt     =  8         le     =  4         ne     =  4         lod    =  62        
ldc    =  30        lda    =  24        ldi    =  13        ldp    =  8         
str    =  19        sti    =  7         ujp    =  11        fjp    =  19        
call   =  8         ret    =  1         nop    =  24        proc   =  1         
end    =  1         bgn    =  1         sym    =  6         

 Executable instruction count  =   262

 Total execution cycle         =   2330
