
 line       object           ucode  source program

   1    (35  105    2)     main       proc 105 2 2
   2    (38    2    1)                sym 2 1 100 
   3    (38    2  101)                sym 2 101 1
   4    (38    2  102)                sym 2 102 1
   5    (38    2  103)                sym 2 103 1
   6    (38    2  104)                sym 2 104 1
   7    (38    2  105)                sym 2 105 1
   8    (20    1     )                ldc 1
   9    (24    2  103)                str 2 103
  10    (23          )                ldp
  11    (21    2  101)                lda 2 101
  12    (29   -1     )                call read
  13    (34          )     $$0        nop
  14    (19    2  101)                lod 2 101
  15    (20    0     )                ldc 0
  16    (18          )                ne
  17    (28   31     )                fjp $$1
  18    (19    2  103)                lod 2 103
  19    (21    2    1)                lda 2 1
  20    ( 6          )                add
  21    (19    2  101)                lod 2 101
  22    (25          )                sti
  23    (19    2  103)                lod 2 103
  24    (20    1     )                ldc 1
  25    ( 6          )                add
  26    (24    2  103)                str 2 103
  27    (23          )                ldp
  28    (21    2  101)                lda 2 101
  29    (29   -1     )                call read
  30    (26   13     )                ujp $$0
  31    (34          )     $$1        nop
  32    (19    2  103)                lod 2 103
  33    (20    1     )                ldc 1
  34    ( 7          )                sub
  35    ( 4          )                dup
  36    (24    2  104)                str 2 104
  37    (24    2  102)                str 2 102
  38    (34          )     $$4        nop
  39    (19    2  104)                lod 2 104
  40    (20    1     )                ldc 1
  41    (13          )                gt
  42    (28   96     )                fjp $$2
  43    (20    1     )                ldc 1
  44    (24    2  103)                str 2 103
  45    (34          )     $$6        nop
  46    (19    2  103)                lod 2 103
  47    (19    2  104)                lod 2 104
  48    (14          )                lt
  49    (28   90     )                fjp $$3
  50    (19    2  103)                lod 2 103
  51    (21    2    1)                lda 2 1
  52    ( 6          )                add
  53    (22          )                ldi
  54    (19    2  103)                lod 2 103
  55    (21    2    1)                lda 2 1
  56    (20    1     )                ldc 1
  57    ( 6          )                add
  58    ( 6          )                add
  59    (22          )                ldi
  60    (14          )                lt
  61    (28   84     )                fjp $$5
  62    (19    2  103)                lod 2 103
  63    (21    2    1)                lda 2 1
  64    ( 6          )                add
  65    (22          )                ldi
  66    (24    2  105)                str 2 105
  67    (19    2  103)                lod 2 103
  68    (21    2    1)                lda 2 1
  69    ( 6          )                add
  70    (19    2  103)                lod 2 103
  71    (20    1     )                ldc 1
  72    (21    2    1)                lda 2 1
  73    ( 6          )                add
  74    ( 6          )                add
  75    (22          )                ldi
  76    (25          )                sti
  77    (19    2  103)                lod 2 103
  78    (21    2    1)                lda 2 1
  79    (20    1     )                ldc 1
  80    ( 6          )                add
  81    ( 6          )                add
  82    (19    2  105)                lod 2 105
  83    (25          )                sti
  84    (34          )     $$5        nop
  85    (19    2  103)                lod 2 103
  86    (20    1     )                ldc 1
  87    ( 6          )                add
  88    (24    2  103)                str 2 103
  89    (26   45     )                ujp $$6
  90    (34          )     $$3        nop
  91    (19    2  104)                lod 2 104
  92    (20    1     )                ldc 1
  93    ( 7          )                sub
  94    (24    2  104)                str 2 104
  95    (26   38     )                ujp $$4
  96    (34          )     $$2        nop
  97    (20    1     )                ldc 1
  98    (24    2  103)                str 2 103
  99    (34          )     $$7        nop
 100    (19    2  103)                lod 2 103
 101    (19    2  102)                lod 2 102
 102    (16          )                le
 103    (28  115     )                fjp $$8
 104    (23          )                ldp
 105    (19    2  103)                lod 2 103
 106    (21    2    1)                lda 2 1
 107    ( 6          )                add
 108    (22          )                ldi
 109    (29   -2     )                call write
 110    (19    2  103)                lod 2 103
 111    (20    1     )                ldc 1
 112    ( 6          )                add
 113    (24    2  103)                str 2 103
 114    (26   99     )                ujp $$7
 115    (34          )     $$8        nop
 116    (30          )                ret
 117    (36          )                end
 118    (37    0     )                bgn 0
 119    (23          )                ldp
 120    (29    1     )                call main
 121    (36          )                end



   ****    Result    ****


 8 7 6 5 4 2 1

   **********************




                 #### Statistics ####


    ****  Static Instruction Counts  ****


dup    =  1       add    =  14      sub    =  2       gt     =  1       
lt     =  2       le     =  1       ne     =  1       lod    =  21      
ldc    =  13      lda    =  10      ldi    =  5       ldp    =  4       
str    =  10      sti    =  3       ujp    =  4       fjp    =  5       
call   =  4       ret    =  1       nop    =  9       proc   =  1       
end    =  2       bgn    =  1       sym    =  6       


  ****  Dynamic instruction counts  ****


dup    =  1         add    =  238       sub    =  7         gt     =  7         
lt     =  48        le     =  8         ne     =  8         lod    =  295       
ldc    =  128       lda    =  148       ldi    =  91        ldp    =  16        
str    =  72        sti    =  49        ujp    =  41        fjp    =  71        
call   =  16        ret    =  1         nop    =  80        proc   =  1         
end    =  1         bgn    =  1         sym    =  6         

 Executable instruction count  =   1246

 Total execution cycle         =   10310
