
 line       object           ucode  source program

   1    (35    2    2)     main       proc 2 2 2
   2    (38    2    1)                sym 2 1 1
   3    (38    2    2)                sym 2 2 1
   4    (20    1     )                ldc 1
   5    (24    2    1)                str 2 1
   6    (20    2     )                ldc 2
   7    (24    2    2)                str 2 2
   8    (23          )                ldp
   9    (19    2    1)                lod 2 1
  10    (19    2    2)                lod 2 2
  11    (29   14     )                call test
  12    (30          )                ret
  13    (36          )                end
  14    (35    2    2)     test       proc 2 2 2
  15    (38    2    1)                sym 2 1 1
  16    (38    2    2)                sym 2 2 2
  17    (23          )                ldp
  18    (19    2    1)                lod 2 1
  19    (29   -2     )                call write
  20    (29   -3     )                call lf
  21    (23          )                ldp
  22    (19    2    2)                lod 2 2
  23    (29   -2     )                call write
  24    (30          )                ret
  25    (36          )                end
  26    (37    0     )                bgn 0
  27    (23          )                ldp
  28    (29    1     )                call main
  29    (36          )                end



   ****    Result    ****


 1
 2

   **********************




                 #### Statistics ####


    ****  Static Instruction Counts  ****


lod    =  4       ldc    =  2       ldp    =  4       str    =  2       
call   =  5       ret    =  2       proc   =  2       end    =  3       
bgn    =  1       sym    =  4       


  ****  Dynamic instruction counts  ****


lod    =  4         ldc    =  2         ldp    =  4         str    =  2         
call   =  5         ret    =  2         proc   =  2         end    =  1         
bgn    =  1         sym    =  4         

 Executable instruction count  =   21

 Total execution cycle         =   350
