
 line       object           ucode  source program

   1    (38    1    1)                sym     1       1       0
   2    (35    5    2)     main       proc    5       2       2
   3    (38    2    1)                sym     2       1       1
   4    (38    2    2)                sym     2       2       1
   5    (38    2    3)                sym     2       3       1
   6    (38    2    4)                sym     2       4       1
   7    (38    2    5)                sym     2       5       1
   8    (20    2     )                ldc     2
   9    (24    2    1)                str     2       1
  10    (34          )     $$0        nop
  11    (19    2    1)                lod     2       1
  12    (20  100     )                ldc     100
  13    (16          )                le
  14    (28   56     )                fjp     $$1
  15    (20    1     )                ldc     1
  16    (24    2    5)                str     2       5
  17    (19    2    1)                lod     2       1
  18    (20    2     )                ldc     2
  19    ( 9          )                div
  20    (24    2    3)                str     2       3
  21    (20    2     )                ldc     2
  22    (24    2    2)                str     2       2
  23    (34          )     $$2        nop
  24    (19    2    2)                lod     2       2
  25    (19    2    3)                lod     2       3
  26    (16          )                le
  27    (28   43     )                fjp     $$3
  28    (19    2    1)                lod     2       1
  29    (19    2    2)                lod     2       2
  30    (10          )                mod
  31    (24    2    4)                str     2       4
  32    (19    2    4)                lod     2       4
  33    (20    0     )                ldc     0
  34    (17          )                eq
  35    (28   38     )                fjp     $$4
  36    (20    0     )                ldc     0
  37    (24    2    5)                str     2       5
  38    (34          )     $$4        nop
  39    (19    2    2)                lod     2       2
  40    ( 2          )                inc
  41    (24    2    2)                str     2       2
  42    (26   23     )                ujp     $$2
  43    (34          )     $$3        nop
  44    (19    2    5)                lod     2       5
  45    (20    1     )                ldc     1
  46    (17          )                eq
  47    (28   51     )                fjp     $$5
  48    (23          )                ldp
  49    (19    2    1)                lod     2       1
  50    (29   -2     )                call    write
  51    (34          )     $$5        nop
  52    (19    2    1)                lod     2       1
  53    ( 2          )                inc
  54    (24    2    1)                str     2       1
  55    (26   10     )                ujp     $$0
  56    (34          )     $$1        nop
  57    (30          )                ret
  58    (36          )                end
  59    (37    0     )                bgn     0
  60    (23          )                ldp
  61    (29    2     )                call    main
  62    (36          )                end



   ****    Result    ****


 2 3 5 7 11 13 17 19 23 29 31 37 41 43 47 53 59 61 67 71 73 79 83 89 97

   **********************




                 #### Statistics ####


    ****  Static Instruction Counts  ****


inc    =  2       div    =  1       mod    =  1       le     =  2       
eq     =  2       lod    =  11      ldc    =  8       ldp    =  2       
str    =  8       ujp    =  2       fjp    =  4       call   =  2       
ret    =  1       nop    =  6       proc   =  1       end    =  2       
bgn    =  1       sym    =  6       


  ****  Dynamic instruction counts  ****


inc    =  2500      div    =  99        mod    =  2401      le     =  2600      
eq     =  2500      lod    =  15026     ldc    =  3181      ldp    =  26        
str    =  5482      ujp    =  2500      fjp    =  5100      call   =  26        
ret    =  1         nop    =  5200      proc   =  1         end    =  1         
bgn    =  1         sym    =  5         

 Executable instruction count  =   41443

 Total execution cycle         =   550045
