
 line       object           ucode  source program

   1    (38    1    1)                sym     1       1       0
   2    (35  105    2)     main       proc    105     2       2
   3    (38    2    1)                sym     2       1       100
   4    (38    2  101)                sym     2       101     1
   5    (38    2  102)                sym     2       102     1
   6    (38    2  103)                sym     2       103     1
   7    (38    2  104)                sym     2       104     1
   8    (38    2  105)                sym     2       105     1
   9    (20    1     )                ldc     1
  10    (24    2  103)                str     2       103
  11    (23          )                ldp
  12    (21    2  101)                lda     2       101
  13    (29   -1     )                call    read
  14    (34          )     $$0        nop
  15    (19    2  101)                lod     2       101
  16    (20    0     )                ldc     0
  17    (18          )                ne
  18    (28   31     )                fjp     $$1
  19    (19    2  103)                lod     2       103
  20    (21    2    1)                lda     2       1
  21    ( 6          )                add
  22    (19    2  101)                lod     2       101
  23    (25          )                sti
  24    (19    2  103)                lod     2       103
  25    ( 2          )                inc
  26    (24    2  103)                str     2       103
  27    (23          )                ldp
  28    (21    2  101)                lda     2       101
  29    (29   -1     )                call    read
  30    (26   14     )                ujp     $$0
  31    (34          )     $$1        nop
  32    (19    2  103)                lod     2       103
  33    (20    1     )                ldc     1
  34    ( 7          )                sub
  35    (24    2  102)                str     2       102
  36    (19    2  102)                lod     2       102
  37    (24    2  104)                str     2       104
  38    (34          )     $$2        nop
  39    (19    2  104)                lod     2       104
  40    (20    1     )                ldc     1
  41    (13          )                gt
  42    (28   94     )                fjp     $$3
  43    (20    1     )                ldc     1
  44    (24    2  103)                str     2       103
  45    (34          )     $$4        nop
  46    (19    2  103)                lod     2       103
  47    (19    2  104)                lod     2       104
  48    (14          )                lt
  49    (28   89     )                fjp     $$5
  50    (19    2  103)                lod     2       103
  51    (21    2    1)                lda     2       1
  52    ( 6          )                add
  53    (22          )                ldi
  54    (19    2  103)                lod     2       103
  55    (20    1     )                ldc     1
  56    ( 6          )                add
  57    (21    2    1)                lda     2       1
  58    ( 6          )                add
  59    (22          )                ldi
  60    (13          )                gt
  61    (28   84     )                fjp     $$6
  62    (19    2  103)                lod     2       103
  63    (21    2    1)                lda     2       1
  64    ( 6          )                add
  65    (22          )                ldi
  66    (24    2  105)                str     2       105
  67    (19    2  103)                lod     2       103
  68    (21    2    1)                lda     2       1
  69    ( 6          )                add
  70    (19    2  103)                lod     2       103
  71    (20    1     )                ldc     1
  72    ( 6          )                add
  73    (21    2    1)                lda     2       1
  74    ( 6          )                add
  75    (22          )                ldi
  76    (25          )                sti
  77    (19    2  103)                lod     2       103
  78    (20    1     )                ldc     1
  79    ( 6          )                add
  80    (21    2    1)                lda     2       1
  81    ( 6          )                add
  82    (19    2  105)                lod     2       105
  83    (25          )                sti
  84    (34          )     $$6        nop
  85    (19    2  103)                lod     2       103
  86    ( 2          )                inc
  87    (24    2  103)                str     2       103
  88    (26   45     )                ujp     $$4
  89    (34          )     $$5        nop
  90    (19    2  104)                lod     2       104
  91    ( 3          )                dec
  92    (24    2  104)                str     2       104
  93    (26   38     )                ujp     $$2
  94    (34          )     $$3        nop
  95    (20    1     )                ldc     1
  96    (24    2  103)                str     2       103
  97    (34          )     $$7        nop
  98    (19    2  103)                lod     2       103
  99    (19    2  102)                lod     2       102
 100    (16          )                le
 101    (28  112     )                fjp     $$8
 102    (23          )                ldp
 103    (19    2  103)                lod     2       103
 104    (21    2    1)                lda     2       1
 105    ( 6          )                add
 106    (22          )                ldi
 107    (29   -2     )                call    write
 108    (19    2  103)                lod     2       103
 109    ( 2          )                inc
 110    (24    2  103)                str     2       103
 111    (26   97     )                ujp     $$7
 112    (34          )     $$8        nop
 113    (30          )                ret
 114    (36          )                end
 115    (37    0     )                bgn     0
 116    (23          )                ldp
 117    (29    2     )                call    main
 118    (36          )                end



   ****    Result    ****


 2 4 5 10 18

   **********************




                 #### Statistics ####


    ****  Static Instruction Counts  ****


inc    =  3       dec    =  1       add    =  11      sub    =  1       
gt     =  2       lt     =  1       le     =  1       ne     =  1       
lod    =  22      ldc    =  9       lda    =  10      ldi    =  5       
ldp    =  4       str    =  10      sti    =  3       ujp    =  4       
fjp    =  5       call   =  4       ret    =  1       nop    =  9       
proc   =  1       end    =  2       bgn    =  1       sym    =  7       



  ****  Dynamic instruction counts  ****


inc    =  20        dec    =  4         add    =  58        sub    =  1         
gt     =  15        lt     =  14        le     =  6         ne     =  6         
lod    =  127       ldc    =  34        lda    =  48        ldi    =  31        
ldp    =  12        str    =  35        sti    =  11        ujp    =  24        
fjp    =  41        call   =  12        ret    =  1         nop    =  48        
proc   =  1         end    =  1         bgn    =  1         sym    =  6         


 Executable instruction count  =   501

 Total execution cycle         =   4264
