
 line       object           ucode  source program

   1    (35    3    2)     main       proc    3       2       2
   2    (38    2    1)                sym     2       1       1
   3    (38    2    2)                sym     2       2       1
   4    (38    2    3)                sym     2       3       1
   5    (20    1     )                ldc     1
   6    (24    2    1)                str     2       1
   7    (19    2    1)                lod     2       1
   8    ( 4          )                dup
   9    ( 3          )                dec
  10    (24    2    1)                str     2       1
  11    (24    2    2)                str     2       2
  12    (19    2    1)                lod     2       1
  13    ( 4          )                dup
  14    ( 2          )                inc
  15    (24    2    1)                str     2       1
  16    (24    2    3)                str     2       3
  17    (23          )                ldp
  18    (19    2    2)                lod     2       2
  19    (29   -2     )                call    write
  20    (29   -3     )                call    lf
  21    (23          )                ldp
  22    (19    2    3)                lod     2       3
  23    (29   -2     )                call    write
  24    (29   -3     )                call    lf
  25    (23          )                ldp
  26    (19    2    1)                lod     2       1
  27    (29   -2     )                call    write
  28    (29   -3     )                call    lf
  29    (30          )                ret
  30    (36          )                end
  31    (37    0     )                bgn     0
  32    (23          )                ldp
  33    (29    1     )                call    main
  34    (36          )                end



   ****    Result    ****


 1
 0
 1


   **********************




                 #### Statistics ####


    ****  Static Instruction Counts  ****


inc    =  1       dec    =  1       dup    =  2       lod    =  5       
ldc    =  1       ldp    =  4       str    =  5       call   =  7       
ret    =  1       proc   =  1       end    =  2       bgn    =  1       
sym    =  3       


  ****  Dynamic instruction counts  ****


inc    =  1         dec    =  1         dup    =  2         lod    =  5         
ldc    =  1         ldp    =  4         str    =  5         call   =  7         
ret    =  1         proc   =  1         end    =  1         bgn    =  1         
sym    =  3         

 Executable instruction count  =   28

 Total execution cycle         =   377
