
 line       object           ucode  source program

   1    (35  101    2)     main       proc    101    2    2
   2    (38    2    1)                sym    2    1    100
   3    (38    2  101)                sym    2    101    1
   4    (23          )                ldp
   5    (21    2    1)                lda    2 1
   6    (20  100     )                ldc 100
   7    (29   18     )                call setElt
   8    (23          )                ldp
   9    (20   50     )                ldc 50
  10    (21    2    1)                lda 2 1
  11    (29   41     )                call getElt
  12    (24    2  101)                str 2 101
  13    (23          )                ldp
  14    (19    2  101)                lod 2 101
  15    (29   -2     )                call write
  16    (30          )                ret
  17    (36          )                end
  18    (35    3    2)     setElt     proc    3    2    2
  19    (38    2    1)                sym    2    1    1
  20    (38    2    2)                sym    2    2    0
  21    (38    2    3)                sym    2    3    1
  22    (20    0     )                ldc 0
  23    (24    2    3)                str 2 3
  24    (34          )     $$0        nop
  25    (19    2    3)                lod 2 3
  26    (19    2    2)                lod 2 2
  27    (14          )                lt
  28    (28   38     )                fjp $$1
  29    (19    2    3)                lod 2 3
  30    (19    2    1)                lod 2 1
  31    ( 6          )                add
  32    (19    2    3)                lod 2 3
  33    (25          )                sti
  34    (19    2    3)                lod 2 3
  35    ( 2          )                inc
  36    (24    2    3)                str 2 3
  37    (26   24     )                ujp $$0
  38    (34          )     $$1        nop
  39    (30          )                ret
  40    (36          )                end
  41    (35    2    2)     getElt     proc    2    2    2
  42    (38    2    1)                sym    2    1    0
  43    (38    2    2)                sym    2    2    1
  44    (19    2    1)                lod    2    1
  45    (19    2    2)                lod 2 2
  46    ( 6          )                add
  47    (22          )                ldi
  48    (31          )                retv
  49    (36          )                end
  50    (37    0     )                bgn 0
  51    (23          )                ldp
  52    (29    1     )                call main
  53    (36          )                end



   ****    Result    ****


 50

   **********************




                 #### Statistics ####


    ****  Static Instruction Counts  ****


inc    =  1       add    =  2       lt     =  1       lod    =  9       
ldc    =  3       lda    =  2       ldi    =  1       ldp    =  4       
str    =  3       sti    =  1       ujp    =  1       fjp    =  1       
call   =  4       ret    =  2       retv   =  1       nop    =  2       
proc   =  3       end    =  4       bgn    =  1       sym    =  7       



  ****  Dynamic instruction counts  ****


inc    =  100       add    =  101       lt     =  101       lod    =  605       
ldc    =  3         lda    =  2         ldi    =  1         ldp    =  4         
str    =  102       sti    =  100       ujp    =  100       fjp    =  101       
call   =  4         ret    =  2         retv   =  1         nop    =  102       
proc   =  3         end    =  1         bgn    =  1         sym    =  7         


 Executable instruction count  =   1330

 Total execution cycle         =   10050
