
 line       object           ucode  source program

   1    (35   11    2)     main       proc    11      2       2
   2    (38    2    1)                sym     2       1       1
   3    (38    2    2)                sym     2       2       10
   4    (20    0     )                ldc     0
   5    (24    2    1)                str     2       1
   6    (34          )     $$0        nop
   7    (19    2    1)                lod     2       1
   8    (20   10     )                ldc     10
   9    (14          )                lt
  10    (28   20     )                fjp     $$1
  11    (23          )                ldp
  12    (21    2    2)                lda     2       2
  13    (19    2    1)                lod     2       1
  14    ( 6          )                add
  15    (29   -1     )                call    read
  16    (19    2    1)                lod     2       1
  17    ( 2          )                inc
  18    (24    2    1)                str     2       1
  19    (26    6     )                ujp     $$0
  20    (34          )     $$1        nop
  21    (20    0     )                ldc     0
  22    (24    2    1)                str     2       1
  23    (34          )     $$2        nop
  24    (19    2    1)                lod     2       1
  25    (20   10     )                ldc     10
  26    (14          )                lt
  27    (28   39     )                fjp     $$3
  28    (23          )                ldp
  29    (19    2    1)                lod     2       1
  30    (21    2    2)                lda     2       2
  31    ( 6          )                add
  32    (22          )                ldi
  33    (29   -2     )                call    write
  34    (29   -3     )                call    lf
  35    (19    2    1)                lod     2       1
  36    ( 2          )                inc
  37    (24    2    1)                str     2       1
  38    (26   23     )                ujp     $$2
  39    (34          )     $$3        nop
  40    (30          )                ret
  41    (36          )                end
  42    (37    0     )                bgn     0
  43    (23          )                ldp
  44    (29    1     )                call    main
  45    (36          )                end



   ****    Result    ****


 1
 2
 3
 4
 5
 6
 7
 8
 9
 10


   **********************




                 #### Statistics ####


    ****  Static Instruction Counts  ****


inc    =  2       add    =  2       lt     =  2       lod    =  6       
ldc    =  4       lda    =  2       ldi    =  1       ldp    =  3       
str    =  4       ujp    =  2       fjp    =  2       call   =  4       
ret    =  1       nop    =  4       proc   =  1       end    =  2       
bgn    =  1       sym    =  2       


  ****  Dynamic instruction counts  ****


inc    =  20        add    =  20        lt     =  22        lod    =  62        
ldc    =  24        lda    =  20        ldi    =  10        ldp    =  21        
str    =  22        ujp    =  20        fjp    =  22        call   =  31        
ret    =  1         nop    =  24        proc   =  1         end    =  1         
bgn    =  1         sym    =  2         

 Executable instruction count  =   296

 Total execution cycle         =   3020
